[2026-06-03 10:00:01] INFO: Server started successfully
[2026-06-03 10:00:15] WARNING: CPU temperature high
[2026-06-03 10:01:02] ERROR: Database connection timeout
[2026-06-03 10:01:45] DEBUG: User authenticated
[2026-06-03 10:02:10] ERROR: Out of memory
[2026-06-03 10:02:12] ERROR: Out of memory
[2026-06-03 10:02:15] FATAL: System crash imminent
[2026-06-03 10:03:00] INFO: Rebooting system
[2026-06-03 10:05:01] INFO: Server started successfully
[2026-06-03 10:05:30] WARNING: Network latency spike
[2026-06-03 10:06:05] ERROR: Database connection timeout
[2026-06-03 10:06:06] ERROR: Database connection timeout
[2026-06-03 10:06:08] WARNING: CPU temperature high
[2026-06-03 10:07:15] DEBUG: Cache cleared
[2026-06-03 10:08:22] ERROR: Invalid user input
[2026-06-03 10:08:25] ERROR: Invalid user input
[2026-06-03 10:08:26] ERROR: Invalid user input
[2026-06-03 10:09:10] FATAL: Disk write failure
[2026-06-03 10:10:00] INFO: Backup completed
[2026-06-03 10:11:05] ERROR: Database connection timeout
[2026-06-03 10:11:10] WARNING: Memory leak detected
[2026-06-03 10:12:01] ERROR: Out of memory
[2026-06-03 10:12:45] DEBUG: Thread spawned
[2026-06-03 10:13:20] FATAL: Disk write failure
[2026-06-03 10:14:00] ERROR: Database connection timeout
[2026-06-03 10:14:15] WARNING: CPU temperature high
[2026-06-03 10:15:05] ERROR: Invalid user input
[2026-06-03 10:15:30] INFO: User disconnected
[2026-06-03 10:16:01] ERROR: Out of memory
[2026-06-03 10:16:12] ERROR: Database connection timeout
[2026-06-03 10:17:00] DEBUG: Query executed
[2026-06-03 10:17:45] WARNING: Network latency spike
[2026-06-03 10:18:20] FATAL: System crash imminent
[2026-06-03 10:19:05] ERROR: Out of memory
[2026-06-03 10:19:30] ERROR: Database connection timeout
[2026-06-03 10:20:00] INFO: Server shutting down
[2026-06-03 10:20:10] WARNING: Unsaved data
[2026-06-03 10:20:15] ERROR: Disk write failure
[2026-06-03 10:21:00] ERROR: Database connection timeout
[2026-06-03 10:21:05] FATAL: Kernel panic